// Jest Snapshot v1, https://goo.gl/fbAQLP

exports[`with some metrics can search parameters 1`] = `
<div>
  <div
    class="ag-theme-alpine makeStyles-root-73"
  >
    <div
      class="makeStyles-toolbar-74"
    >
      <h2
        class="MuiTypography-root makeStyles-root-76 MuiTypography-h2"
      >
        Metrics
      </h2>
      <div
        class="makeStyles-root-77"
      >
        <div
          class="makeStyles-search-79"
        >
          <div
            class="makeStyles-searchIcon-80"
          >
            <svg
              aria-hidden="true"
              class="MuiSvgIcon-root"
              focusable="false"
              viewBox="0 0 24 24"
            >
              <path
                d="M15.5 14h-.79l-.28-.27C15.41 12.59 16 11.11 16 9.5 16 5.91 13.09 3 9.5 3S3 5.91 3 9.5 5.91 16 9.5 16c1.61 0 3.09-.59 4.23-1.57l.27.28v.79l5 4.99L20.49 19l-4.99-5zm-6 0C7.01 14 5 11.99 5 9.5S7.01 5 9.5 5 14 7.01 14 9.5 11.99 14 9.5 14z"
              />
            </svg>
          </div>
          <div
            class="MuiInputBase-root makeStyles-inputRoot-83"
          >
            <input
              aria-label="Search"
              class="MuiInputBase-input makeStyles-inputInput-84"
              placeholder="Search…"
              type="text"
              value=""
            />
          </div>
        </div>
        <button
          class="MuiButtonBase-root MuiButton-root MuiButton-text"
          tabindex="0"
          type="button"
        >
          <span
            class="MuiButton-label"
          >
             Reset 
          </span>
          <span
            class="MuiTouchRipple-root"
          />
        </button>
      </div>
    </div>
    <div
      class="ag-theme-alpine makeStyles-gridContainer-75"
    >
      <div
        style="height: auto; flex: 1;"
      >
        <div
          class="ag-root-wrapper ag-layout-normal ag-ltr"
          ref="eRootWrapper"
        >
          
                
                
          <div
            class="ag-root-wrapper-body ag-layout-normal ag-focus-managed"
            ref="rootWrapperBody"
          >
            <div
              class="ag-tab-guard ag-tab-guard-top"
              role="presentation"
              tabindex="0"
            />
            
                    
            <!--AG-GRID-COMP-->
            <div
              aria-colcount="6"
              aria-rowcount="3"
              class="ag-root ag-unselectable ag-layout-normal ag-column-moving"
              ref="gridPanel"
              role="grid"
              unselectable="on"
            >
              
        
              <!--AG-HEADER-ROOT-->
              <div
                class="ag-header ag-focus-managed ag-pivot-off"
                ref="headerRoot"
                role="presentation"
                style="height: 49px; min-height: 49px;"
                unselectable="on"
              >
                
            
                <div
                  class="ag-pinned-left-header ag-hidden"
                  ref="ePinnedLeftHeader"
                  role="presentation"
                  style="width: 0px; max-width: 0px; min-width: 0px;"
                >
                  <div
                    aria-rowindex="1"
                    class="ag-header-row ag-header-row-column"
                    role="row"
                    style="top: 0px; height: 48px; width: 0px;"
                  />
                </div>
                
            
                <div
                  class="ag-header-viewport"
                  ref="eHeaderViewport"
                  role="presentation"
                >
                  
                
                  <div
                    class="ag-header-container"
                    ref="eHeaderContainer"
                    role="rowgroup"
                    style="width: 1274px;"
                  >
                    <div
                      aria-rowindex="1"
                      class="ag-header-row ag-header-row-column"
                      role="row"
                      style="top: 0px; height: 48px; width: 1274px;"
                    >
                      <div
                        aria-colindex="1"
                        class="ag-header-cell ag-focus-managed"
                        col-id="__detail-button-col__"
                        role="columnheader"
                        style="width: 54px; left: 0px;"
                        tabindex="-1"
                        unselectable="on"
                      >
                        
            
                        <div
                          class="ag-header-cell-resize ag-hidden"
                          ref="eResize"
                          role="presentation"
                        />
                        
            
                        <!--AG-CHECKBOX-->
                        <div
                          class="ag-header-select-all ag-labeled ag-label-align-right ag-checkbox ag-input-field ag-hidden"
                          ref="cbSelectAll"
                          role="presentation"
                        >
                          
                
                          <div
                            class="ag-input-field-label ag-label ag-hidden ag-checkbox-label"
                            ref="eLabel"
                            role="presentation"
                          />
                          
                
                          <div
                            class="ag-wrapper ag-input-wrapper ag-checkbox-input-wrapper"
                            ref="eWrapper"
                            role="presentation"
                          >
                            
                    
                            <input
                              aria-label="Press Space to toggle all rows selection (unchecked)"
                              class="ag-input-field-input ag-checkbox-input"
                              id="ag-193-input"
                              ref="eInput"
                              tabindex="-1"
                              type="checkbox"
                            />
                            
                
                          </div>
                          
            
                        </div>
                        
        
                        <div
                          class="ag-cell-label-container"
                          role="presentation"
                        >
                          
            
                          
            
                          <div
                            class="ag-header-cell-label"
                            ref="eLabel"
                            role="presentation"
                            unselectable="on"
                          >
                            
                
                            <span
                              class="ag-header-cell-text"
                              ref="eText"
                              unselectable="on"
                            />
                            
                
                            <span
                              aria-hidden="true"
                              class="ag-header-icon ag-header-label-icon ag-filter-icon ag-hidden"
                              ref="eFilter"
                            >
                              <span
                                class="ag-icon ag-icon-filter"
                                role="presentation"
                                unselectable="on"
                              />
                            </span>
                            
                
                            
                
                            
                
                            
                
                            
            
                          </div>
                          
        
                        </div>
                      </div>
                      <div
                        aria-colindex="2"
                        aria-sort="ascending"
                        class="ag-header-cell ag-focus-managed ag-header-cell-sortable"
                        col-id="name"
                        role="columnheader"
                        style="width: 430px; left: 54px;"
                        tabindex="-1"
                        unselectable="on"
                      >
                        
            
                        <div
                          class="ag-header-cell-resize"
                          ref="eResize"
                          role="presentation"
                        />
                        
            
                        <!--AG-CHECKBOX-->
                        <div
                          class="ag-header-select-all ag-labeled ag-label-align-right ag-checkbox ag-input-field ag-hidden"
                          ref="cbSelectAll"
                          role="presentation"
                        >
                          
                
                          <div
                            class="ag-input-field-label ag-label ag-hidden ag-checkbox-label"
                            ref="eLabel"
                            role="presentation"
                          />
                          
                
                          <div
                            class="ag-wrapper ag-input-wrapper ag-checkbox-input-wrapper"
                            ref="eWrapper"
                            role="presentation"
                          >
                            
                    
                            <input
                              aria-label="Press Space to toggle all rows selection (unchecked)"
                              class="ag-input-field-input ag-checkbox-input"
                              id="ag-196-input"
                              ref="eInput"
                              tabindex="-1"
                              type="checkbox"
                            />
                            
                
                          </div>
                          
            
                        </div>
                        
        
                        <div
                          class="ag-cell-label-container ag-header-cell-sorted-asc"
                          role="presentation"
                        >
                          
            
                          <span
                            aria-hidden="true"
                            class="ag-header-icon ag-header-cell-menu-button"
                            ref="eMenu"
                          >
                            <span
                              class="ag-icon ag-icon-menu"
                              role="presentation"
                              unselectable="on"
                            />
                          </span>
                          
            
                          <div
                            class="ag-header-cell-label"
                            ref="eLabel"
                            role="presentation"
                            unselectable="on"
                          >
                            
                
                            <span
                              class="ag-header-cell-text"
                              ref="eText"
                              unselectable="on"
                            >
                              Name
                            </span>
                            
                
                            <span
                              aria-hidden="true"
                              class="ag-header-icon ag-header-label-icon ag-filter-icon ag-hidden"
                              ref="eFilter"
                            >
                              <span
                                class="ag-icon ag-icon-filter"
                                role="presentation"
                                unselectable="on"
                              />
                            </span>
                            
                
                            <span
                              aria-hidden="true"
                              class="ag-header-icon ag-header-label-icon ag-sort-order ag-hidden"
                              ref="eSortOrder"
                            >
                              1
                            </span>
                            
                
                            <span
                              aria-hidden="true"
                              class="ag-header-icon ag-header-label-icon ag-sort-ascending-icon"
                              ref="eSortAsc"
                            >
                              <span
                                class="ag-icon ag-icon-asc"
                                role="presentation"
                                unselectable="on"
                              />
                            </span>
                            
                
                            <span
                              aria-hidden="true"
                              class="ag-header-icon ag-header-label-icon ag-sort-descending-icon ag-hidden"
                              ref="eSortDesc"
                            >
                              <span
                                class="ag-icon ag-icon-desc"
                                role="presentation"
                                unselectable="on"
                              />
                            </span>
                            
                
                            <span
                              aria-hidden="true"
                              class="ag-header-icon ag-header-label-icon ag-sort-none-icon ag-hidden"
                              ref="eSortNone"
                            >
                              <span
                                class="ag-icon ag-icon-none"
                                role="presentation"
                                unselectable="on"
                              />
                            </span>
                            
            
                          </div>
                          
        
                        </div>
                      </div>
                      <div
                        aria-colindex="3"
                        aria-sort="none"
                        class="ag-header-cell ag-focus-managed ag-header-cell-sortable"
                        col-id="description"
                        role="columnheader"
                        style="width: 590px; left: 484px;"
                        tabindex="-1"
                        unselectable="on"
                      >
                        
            
                        <div
                          class="ag-header-cell-resize"
                          ref="eResize"
                          role="presentation"
                        />
                        
            
                        <!--AG-CHECKBOX-->
                        <div
                          class="ag-header-select-all ag-labeled ag-label-align-right ag-checkbox ag-input-field ag-hidden"
                          ref="cbSelectAll"
                          role="presentation"
                        >
                          
                
                          <div
                            class="ag-input-field-label ag-label ag-hidden ag-checkbox-label"
                            ref="eLabel"
                            role="presentation"
                          />
                          
                
                          <div
                            class="ag-wrapper ag-input-wrapper ag-checkbox-input-wrapper"
                            ref="eWrapper"
                            role="presentation"
                          >
                            
                    
                            <input
                              aria-label="Press Space to toggle all rows selection (unchecked)"
                              class="ag-input-field-input ag-checkbox-input"
                              id="ag-199-input"
                              ref="eInput"
                              tabindex="-1"
                              type="checkbox"
                            />
                            
                
                          </div>
                          
            
                        </div>
                        
        
                        <div
                          class="ag-cell-label-container ag-header-cell-sorted-none"
                          role="presentation"
                        >
                          
            
                          <span
                            aria-hidden="true"
                            class="ag-header-icon ag-header-cell-menu-button"
                            ref="eMenu"
                          >
                            <span
                              class="ag-icon ag-icon-menu"
                              role="presentation"
                              unselectable="on"
                            />
                          </span>
                          
            
                          <div
                            class="ag-header-cell-label"
                            ref="eLabel"
                            role="presentation"
                            unselectable="on"
                          >
                            
                
                            <span
                              class="ag-header-cell-text"
                              ref="eText"
                              unselectable="on"
                            >
                              Description
                            </span>
                            
                
                            <span
                              aria-hidden="true"
                              class="ag-header-icon ag-header-label-icon ag-filter-icon ag-hidden"
                              ref="eFilter"
                            >
                              <span
                                class="ag-icon ag-icon-filter"
                                role="presentation"
                                unselectable="on"
                              />
                            </span>
                            
                
                            <span
                              aria-hidden="true"
                              class="ag-header-icon ag-header-label-icon ag-sort-order ag-hidden"
                              ref="eSortOrder"
                            />
                            
                
                            <span
                              aria-hidden="true"
                              class="ag-header-icon ag-header-label-icon ag-sort-ascending-icon ag-hidden"
                              ref="eSortAsc"
                            >
                              <span
                                class="ag-icon ag-icon-asc"
                                role="presentation"
                                unselectable="on"
                              />
                            </span>
                            
                
                            <span
                              aria-hidden="true"
                              class="ag-header-icon ag-header-label-icon ag-sort-descending-icon ag-hidden"
                              ref="eSortDesc"
                            >
                              <span
                                class="ag-icon ag-icon-desc"
                                role="presentation"
                                unselectable="on"
                              />
                            </span>
                            
                
                            <span
                              aria-hidden="true"
                              class="ag-header-icon ag-header-label-icon ag-sort-none-icon ag-hidden"
                              ref="eSortNone"
                            >
                              <span
                                class="ag-icon ag-icon-none"
                                role="presentation"
                                unselectable="on"
                              />
                            </span>
                            
            
                          </div>
                          
        
                        </div>
                      </div>
                      <div
                        aria-colindex="4"
                        aria-sort="none"
                        class="ag-header-cell ag-focus-managed ag-header-cell-sortable"
                        col-id="parameterType"
                        role="columnheader"
                        style="width: 200px; left: 1074px;"
                        tabindex="-1"
                        unselectable="on"
                      >
                        
            
                        <div
                          class="ag-header-cell-resize"
                          ref="eResize"
                          role="presentation"
                        />
                        
            
                        <!--AG-CHECKBOX-->
                        <div
                          class="ag-header-select-all ag-labeled ag-label-align-right ag-checkbox ag-input-field ag-hidden"
                          ref="cbSelectAll"
                          role="presentation"
                        >
                          
                
                          <div
                            class="ag-input-field-label ag-label ag-hidden ag-checkbox-label"
                            ref="eLabel"
                            role="presentation"
                          />
                          
                
                          <div
                            class="ag-wrapper ag-input-wrapper ag-checkbox-input-wrapper"
                            ref="eWrapper"
                            role="presentation"
                          >
                            
                    
                            <input
                              aria-label="Press Space to toggle all rows selection (unchecked)"
                              class="ag-input-field-input ag-checkbox-input"
                              id="ag-202-input"
                              ref="eInput"
                              tabindex="-1"
                              type="checkbox"
                            />
                            
                
                          </div>
                          
            
                        </div>
                        
        
                        <div
                          class="ag-cell-label-container ag-header-cell-sorted-none"
                          role="presentation"
                        >
                          
            
                          <span
                            aria-hidden="true"
                            class="ag-header-icon ag-header-cell-menu-button"
                            ref="eMenu"
                          >
                            <span
                              class="ag-icon ag-icon-menu"
                              role="presentation"
                              unselectable="on"
                            />
                          </span>
                          
            
                          <div
                            class="ag-header-cell-label"
                            ref="eLabel"
                            role="presentation"
                            unselectable="on"
                          >
                            
                
                            <span
                              class="ag-header-cell-text"
                              ref="eText"
                              unselectable="on"
                            >
                              Parameter Type
                            </span>
                            
                
                            <span
                              aria-hidden="true"
                              class="ag-header-icon ag-header-label-icon ag-filter-icon ag-hidden"
                              ref="eFilter"
                            >
                              <span
                                class="ag-icon ag-icon-filter"
                                role="presentation"
                                unselectable="on"
                              />
                            </span>
                            
                
                            <span
                              aria-hidden="true"
                              class="ag-header-icon ag-header-label-icon ag-sort-order ag-hidden"
                              ref="eSortOrder"
                            />
                            
                
                            <span
                              aria-hidden="true"
                              class="ag-header-icon ag-header-label-icon ag-sort-ascending-icon ag-hidden"
                              ref="eSortAsc"
                            >
                              <span
                                class="ag-icon ag-icon-asc"
                                role="presentation"
                                unselectable="on"
                              />
                            </span>
                            
                
                            <span
                              aria-hidden="true"
                              class="ag-header-icon ag-header-label-icon ag-sort-descending-icon ag-hidden"
                              ref="eSortDesc"
                            >
                              <span
                                class="ag-icon ag-icon-desc"
                                role="presentation"
                                unselectable="on"
                              />
                            </span>
                            
                
                            <span
                              aria-hidden="true"
                              class="ag-header-icon ag-header-label-icon ag-sort-none-icon ag-hidden"
                              ref="eSortNone"
                            >
                              <span
                                class="ag-icon ag-icon-none"
                                role="presentation"
                                unselectable="on"
                              />
                            </span>
                            
            
                          </div>
                          
        
                        </div>
                      </div>
                    </div>
                  </div>
                  
            
                </div>
                
            
                <div
                  class="ag-pinned-right-header ag-hidden"
                  ref="ePinnedRightHeader"
                  role="presentation"
                  style="width: 0px; max-width: 0px; min-width: 0px;"
                >
                  <div
                    aria-rowindex="1"
                    class="ag-header-row ag-header-row-column"
                    role="row"
                    style="top: 0px; height: 48px; width: 0px;"
                  />
                </div>
                
        
              </div>
              
        
              <div
                class="ag-floating-top"
                ref="eTop"
                role="presentation"
                style="min-height: 0px; height: 0px; display: none; overflow-y: hidden;"
                unselectable="on"
              >
                
            
                <div
                  class="ag-pinned-left-floating-top ag-hidden"
                  ref="eLeftTop"
                  role="presentation"
                  unselectable="on"
                />
                
            
                <div
                  class="ag-floating-top-viewport"
                  ref="eTopViewport"
                  role="presentation"
                  unselectable="on"
                >
                  
                
                  <div
                    class="ag-floating-top-container"
                    ref="eTopContainer"
                    role="presentation"
                    style="width: 1274px;"
                    unselectable="on"
                  />
                  
            
                </div>
                
            
                <div
                  class="ag-pinned-right-floating-top ag-hidden"
                  ref="eRightTop"
                  role="presentation"
                  unselectable="on"
                />
                
            
                <div
                  class="ag-floating-top-full-width-container ag-hidden"
                  ref="eTopFullWidthContainer"
                  role="presentation"
                  unselectable="on"
                />
                
        
              </div>
              
        
              <div
                class="ag-body-viewport ag-layout-normal ag-row-no-animation"
                ref="eBodyViewport"
                role="presentation"
              >
                
            
                <div
                  class="ag-pinned-left-cols-container ag-hidden"
                  ref="eLeftContainer"
                  role="presentation"
                  style="height: 84px;"
                  unselectable="on"
                >
                  <div
                    aria-label="Press SPACE to select this row."
                    aria-rowindex="3"
                    class="ag-row ag-row-no-focus ag-row-odd ag-row-level-0 ag-row-position-absolute ag-row-last"
                    comp-id="222"
                    role="row"
                    row-id="metric_2"
                    row-index="1"
                    style="height: 42px; transform: translateY(42px); "
                  />
                  <div
                    aria-label="Press SPACE to select this row."
                    aria-rowindex="2"
                    class="ag-row ag-row-no-focus ag-row-even ag-row-level-0 ag-row-position-absolute ag-row-first"
                    comp-id="212"
                    role="row"
                    row-id="metric_1"
                    row-index="0"
                    style="height: 42px; transform: translateY(0px);"
                  />
                </div>
                
            
                <div
                  class="ag-center-cols-clipper"
                  ref="eCenterColsClipper"
                  role="presentation"
                  style="height: 84px;"
                  unselectable="on"
                >
                  
                
                  <div
                    class="ag-center-cols-viewport"
                    ref="eCenterViewport"
                    role="presentation"
                    style="height: calc(100% + 0px);"
                  >
                    
                    
                    <div
                      class="ag-center-cols-container"
                      ref="eCenterContainer"
                      role="rowgroup"
                      style="width: 1274px; height: 84px;"
                      unselectable="on"
                    >
                      <div
                        aria-label="Press SPACE to select this row."
                        aria-rowindex="3"
                        class="ag-row ag-row-no-focus ag-row-odd ag-row-level-0 ag-row-position-absolute ag-row-last"
                        comp-id="222"
                        role="row"
                        row-id="metric_2"
                        row-index="1"
                        style="height: 42px; transform: translateY(42px); "
                      >
                        <div
                          aria-colindex="1"
                          class="ag-cell ag-cell-not-inline-editing ag-cell-auto-height ag-cell-value ag-cell-wrap-text"
                          col-id="__detail-button-col__"
                          comp-id="223"
                          role="gridcell"
                          style="width: 54px; left: 0px; display: flex; align-items: center; font-family: 'Roboto Mono', monospace; color: rgba(0, 0, 0, 0.5); padding-left: 0; padding-right: 0; "
                          tabindex="-1"
                          unselectable="on"
                        />
                        <div
                          aria-colindex="2"
                          class="ag-cell ag-cell-not-inline-editing ag-cell-auto-height ag-cell-value ag-cell-wrap-text"
                          col-id="name"
                          comp-id="224"
                          role="gridcell"
                          style="width: 430px; left: 54px; display: flex; align-items: center; font-family: 'Roboto Mono', monospace; font-weight: 700; "
                          tabindex="-1"
                          unselectable="on"
                        />
                        <div
                          aria-colindex="3"
                          class="ag-cell ag-cell-not-inline-editing ag-cell-auto-height ag-cell-value ag-cell-wrap-text"
                          col-id="description"
                          comp-id="225"
                          role="gridcell"
                          style="width: 590px; left: 484px; display: flex; align-items: center; font-family: 'Roboto Mono', monospace; word-break: normal; "
                          tabindex="-1"
                          unselectable="on"
                        >
                          This is metric 2
                        </div>
                        <div
                          aria-colindex="4"
                          class="ag-cell ag-cell-not-inline-editing ag-cell-auto-height ag-cell-value ag-cell-wrap-text"
                          col-id="parameterType"
                          comp-id="226"
                          role="gridcell"
                          style="width: 200px; left: 1074px; display: flex; align-items: center; font-family: 'Roboto Mono', monospace; "
                          tabindex="-1"
                          unselectable="on"
                        >
                          revenue
                        </div>
                      </div>
                      <div
                        aria-label="Press SPACE to select this row."
                        aria-rowindex="2"
                        class="ag-row ag-row-no-focus ag-row-even ag-row-level-0 ag-row-position-absolute ag-row-first"
                        comp-id="212"
                        role="row"
                        row-id="metric_1"
                        row-index="0"
                        style="height: 42px; transform: translateY(0px);"
                      >
                        <div
                          aria-colindex="1"
                          class="ag-cell ag-cell-not-inline-editing ag-cell-auto-height ag-cell-value ag-cell-wrap-text"
                          col-id="__detail-button-col__"
                          comp-id="213"
                          role="gridcell"
                          style="width: 54px; left: 0px; display: flex; align-items: center; font-family: 'Roboto Mono', monospace; color: rgba(0, 0, 0, 0.5); padding-left: 0; padding-right: 0; "
                          tabindex="-1"
                          unselectable="on"
                        >
                          <div
                            class="ag-react-container"
                          >
                            <button
                              aria-label="Toggle Button"
                              class="MuiButtonBase-root MuiIconButton-root makeStyles-root-85 makeStyles-notRotated-87"
                              tabindex="0"
                              type="button"
                            >
                              <span
                                class="MuiIconButton-label"
                              >
                                <svg
                                  aria-hidden="true"
                                  class="MuiSvgIcon-root"
                                  focusable="false"
                                  viewBox="0 0 24 24"
                                >
                                  <path
                                    d="M9.29 6.71c-.39.39-.39 1.02 0 1.41L13.17 12l-3.88 3.88c-.39.39-.39 1.02 0 1.41.39.39 1.02.39 1.41 0l4.59-4.59c.39-.39.39-1.02 0-1.41L10.7 6.7c-.38-.38-1.02-.38-1.41.01z"
                                  />
                                </svg>
                              </span>
                              <span
                                class="MuiTouchRipple-root"
                              />
                            </button>
                          </div>
                        </div>
                        <div
                          aria-colindex="2"
                          class="ag-cell ag-cell-not-inline-editing ag-cell-auto-height ag-cell-value ag-cell-wrap-text"
                          col-id="name"
                          comp-id="214"
                          role="gridcell"
                          style="width: 430px; left: 54px; display: flex; align-items: center; font-family: 'Roboto Mono', monospace; font-weight: 700; "
                          tabindex="-1"
                          unselectable="on"
                        >
                          <div
                            class="ag-react-container"
                          >
                            <div
                              class="makeStyles-metricName-92"
                              title="metric_1"
                            >
                              metric_1
                            </div>
                          </div>
                        </div>
                        <div
                          aria-colindex="3"
                          class="ag-cell ag-cell-not-inline-editing ag-cell-auto-height ag-cell-value ag-cell-wrap-text"
                          col-id="description"
                          comp-id="215"
                          role="gridcell"
                          style="width: 590px; left: 484px; display: flex; align-items: center; font-family: 'Roboto Mono', monospace; word-break: normal; "
                          tabindex="-1"
                          unselectable="on"
                        >
                          This is metric 1
                        </div>
                        <div
                          aria-colindex="4"
                          class="ag-cell ag-cell-not-inline-editing ag-cell-auto-height ag-cell-value ag-cell-wrap-text"
                          col-id="parameterType"
                          comp-id="216"
                          role="gridcell"
                          style="width: 200px; left: 1074px; display: flex; align-items: center; font-family: 'Roboto Mono', monospace; "
                          tabindex="-1"
                          unselectable="on"
                        >
                          conversion
                        </div>
                      </div>
                    </div>
                    
                
                  </div>
                  
            
                </div>
                
            
                <div
                  class="ag-pinned-right-cols-container ag-hidden"
                  ref="eRightContainer"
                  role="presentation"
                  style="height: 84px;"
                  unselectable="on"
                >
                  <div
                    aria-label="Press SPACE to select this row."
                    aria-rowindex="3"
                    class="ag-row ag-row-no-focus ag-row-odd ag-row-level-0 ag-row-position-absolute ag-row-last"
                    comp-id="222"
                    role="row"
                    row-id="metric_2"
                    row-index="1"
                    style="height: 42px; transform: translateY(42px); "
                  />
                  <div
                    aria-label="Press SPACE to select this row."
                    aria-rowindex="2"
                    class="ag-row ag-row-no-focus ag-row-even ag-row-level-0 ag-row-position-absolute ag-row-first"
                    comp-id="212"
                    role="row"
                    row-id="metric_1"
                    row-index="0"
                    style="height: 42px; transform: translateY(0px);"
                  />
                </div>
                
            
                <div
                  class="ag-full-width-container"
                  ref="eFullWidthContainer"
                  role="presentation"
                  style="height: 84px;"
                  unselectable="on"
                />
                
        
              </div>
              
        
              <div
                class="ag-floating-bottom"
                ref="eBottom"
                role="presentation"
                style="min-height: 0px; height: 0px; display: none; overflow-y: hidden;"
                unselectable="on"
              >
                
            
                <div
                  class="ag-pinned-left-floating-bottom ag-hidden"
                  ref="eLeftBottom"
                  role="presentation"
                  unselectable="on"
                />
                
            
                <div
                  class="ag-floating-bottom-viewport"
                  ref="eBottomViewport"
                  role="presentation"
                  unselectable="on"
                >
                  
                
                  <div
                    class="ag-floating-bottom-container"
                    ref="eBottomContainer"
                    role="presentation"
                    style="width: 1274px;"
                    unselectable="on"
                  />
                  
            
                </div>
                
            
                <div
                  class="ag-pinned-right-floating-bottom ag-hidden"
                  ref="eRightBottom"
                  role="presentation"
                  unselectable="on"
                />
                
            
                <div
                  class="ag-floating-bottom-full-width-container ag-hidden"
                  ref="eBottomFullWidthContainer"
                  role="presentation"
                  unselectable="on"
                />
                
        
              </div>
              
        
              <div
                aria-hidden="true"
                class="ag-body-horizontal-scroll"
                ref="eHorizontalScrollBody"
                style="height: 0px; max-height: 0px; min-height: 0px;"
              >
                
            
                <div
                  class="ag-horizontal-left-spacer"
                  ref="eHorizontalLeftSpacer"
                  style="width: 0px; max-width: 0px; min-width: 0px;"
                />
                
            
                <div
                  class="ag-body-horizontal-scroll-viewport"
                  ref="eBodyHorizontalScrollViewport"
                  style="height: 0px; max-height: 0px; min-height: 0px;"
                >
                  
                
                  <div
                    class="ag-body-horizontal-scroll-container"
                    ref="eBodyHorizontalScrollContainer"
                    style="width: 1274px; height: 0px; max-height: 0px; min-height: 0px;"
                  />
                  
            
                </div>
                
            
                <div
                  class="ag-horizontal-right-spacer"
                  ref="eHorizontalRightSpacer"
                  style="width: 0px; max-width: 0px; min-width: 0px;"
                />
                
        
              </div>
              
        
              <!--AG-OVERLAY-WRAPPER-->
              <div
                aria-hidden="true"
                class="ag-overlay ag-hidden"
                ref="overlayWrapper"
              >
                
            
                <div
                  class="ag-overlay-panel"
                >
                  
                
                  <div
                    class="ag-overlay-wrapper ag-layout-normal"
                    ref="eOverlayWrapper"
                  />
                  
            
                </div>
                
        
              </div>
              
    
            </div>
            
                    
                
            <div
              class="ag-tab-guard ag-tab-guard-bottom"
              role="presentation"
              tabindex="0"
            />
          </div>
          
                
                
          <!--AG-PAGINATION-->
          <div
            aria-describedby="ag-188-start-page ag-188-start-page-number ag-188-of-page ag-188-of-page-number ag-188-first-row ag-188-to ag-188-last-row ag-188-of ag-188-row-count"
            aria-live="polite"
            class="ag-paging-panel ag-unselectable ag-hidden"
            id="ag-188"
          >
            
                
            <span
              aria-hidden="true"
              class="ag-paging-row-summary-panel"
            >
              
                    
              <span
                class="ag-paging-row-summary-panel-number"
                id="ag-188-first-row"
                ref="lbFirstRowOnPage"
              />
              
                    
              <span
                id="ag-188-to"
              >
                to
              </span>
              
                    
              <span
                class="ag-paging-row-summary-panel-number"
                id="ag-188-last-row"
                ref="lbLastRowOnPage"
              />
              
                    
              <span
                id="ag-188-of"
              >
                of
              </span>
              
                    
              <span
                class="ag-paging-row-summary-panel-number"
                id="ag-188-row-count"
                ref="lbRecordCount"
              />
              
                
            </span>
            
                
            <span
              class="ag-paging-page-summary-panel"
              role="presentation"
            >
              
                    
              <div
                aria-label="First Page"
                class="ag-paging-button"
                ref="btFirst"
                role="button"
                tabindex="0"
              >
                <span
                  class="ag-icon ag-icon-first"
                  role="presentation"
                  unselectable="on"
                />
              </div>
              
                    
              <div
                aria-label="Previous Page"
                class="ag-paging-button"
                ref="btPrevious"
                role="button"
                tabindex="0"
              >
                <span
                  class="ag-icon ag-icon-previous"
                  role="presentation"
                  unselectable="on"
                />
              </div>
              
                    
              <span
                aria-hidden="true"
                class="ag-paging-description"
              >
                
                        
                <span
                  id="ag-188-start-page"
                >
                  Page
                </span>
                
                        
                <span
                  class="ag-paging-number"
                  id="ag-188-start-page-number"
                  ref="lbCurrent"
                />
                
                        
                <span
                  id="ag-188-of-page"
                >
                  of
                </span>
                
                        
                <span
                  class="ag-paging-number"
                  id="ag-188-of-page-number"
                  ref="lbTotal"
                />
                
                    
              </span>
              
                    
              <div
                aria-label="Next Page"
                class="ag-paging-button"
                ref="btNext"
                role="button"
                tabindex="0"
              >
                <span
                  class="ag-icon ag-icon-next"
                  role="presentation"
                  unselectable="on"
                />
              </div>
              
                    
              <div
                aria-label="Last Page"
                class="ag-paging-button"
                ref="btLast"
                role="button"
                tabindex="0"
              >
                <span
                  class="ag-icon ag-icon-last"
                  role="presentation"
                  unselectable="on"
                />
              </div>
              
                
            </span>
            
            
          </div>
          
                
            
        </div>
      </div>
    </div>
  </div>
</div>
`;
